 
****************************************
Report : area
Design : fft_top
Version: I-2013.12-SP3
Date   : Thu Jan 10 11:05:33 2019
****************************************

Information: Updating design information... (UID-85)
Warning: Design 'fft_top' contains 2 high-fanout nets. A fanout number of 1000 will be used for delay calculations involving these nets. (TIM-134)
Library(s) Used:

    scc65nll_hs_rvt_ss_v1p08_125c_ccs (File: /net/dellr900b/export/SMIC_65nm_LL/SCC65NLL_HS/SCC65NLL_HS_RVT_syn_V1.1a/SCC65NLL_HS_RVT_V1p1a/synopsys/1.2v/scc65nll_hs_rvt_ss_v1p08_125c_ccs.db)

Number of ports:                           58
Number of nets:                         24173
Number of cells:                        23052
Number of combinational cells:          18919
Number of sequential cells:              4133
Number of macros/black boxes:               0
Number of buf/inv:                       3819
Number of references:                     181

Combinational area:              51089.400340
Buf/Inv area:                     4478.040177
Noncombinational area:           37702.440030
Macro/Black Box area:                0.000000
Net Interconnect area:      undefined  (No wire load specified)

Total cell area:                 88791.840370
Total area:                 undefined
1
